14:15:52.673    <Info> idevicerestore 1.0.0-git-45145e9 (libirecovery 1.3.1, libtatsu 1.0.5)
14:15:52.710    <Info> Found device in Recovery mode
14:15:52.712    <Info> ECID: 7133975844373286
14:15:52.712    <Info> Identified device as d11ap, iPhone9,2
14:15:52.712    <Info> Device Product Version: N/A
14:15:52.712    <Info> Device Product Build: N/A
14:15:52.838  <Notice> Running non-interactively, automatically selecting latest available version
14:15:52.838  <Notice> Selected firmware 15.8.8 (build 19H422)
14:19:45.544    <Info> Verifying 'iPhone_5.5_P3_15.8.8_19H422_Restore.ipsw'...
14:21:35.442    <Info> Checksum matches.
14:21:35.442    <Info> Extracting BuildManifest from IPSW
14:21:35.454    <Info> IPSW Product Version: 15.8.8
14:21:35.454    <Info> IPSW Product Build: 19H422 Major: 19
14:21:35.454   <Error> Device is in an invalid state
14:21:35.454    <Info> Device supports Image4: false
14:21:35.454    <Info> Variant: Customer Upgrade Install (IPSW)
14:21:35.454    <Info> This restore will update the device without erasing user data.
14:21:35.454    <Info> Checking IPSW for required components...
14:21:35.458    <Info> All required components found in IPSW
14:21:35.459    <Info> Getting ApNonce failed
14:21:35.459   <Error> Device is in an invalid state
14:21:35.459  <Notice> Unable to get nonce from device
14:21:35.459    <Info> Trying to fetch new SHSH blob
14:21:35.459    <Info> Getting SepNonce failed
14:21:35.459   <Error> Device is in an invalid state
14:21:35.978    <Info> ERROR: Unable to send TSS request
14:21:35.979   <Error> Unable to get SHSH blobs for this device
