14:10:06.193    <Info> idevicerestore 1.0.0-git-45145e9 (libirecovery 1.3.1, libtatsu 1.0.5)
14:10:06.236    <Info> Found device in Recovery mode
14:10:06.238    <Info> ECID: 7133975844373286
14:10:06.238    <Info> Identified device as d11ap, iPhone9,2
14:10:06.238    <Info> Device Product Version: N/A
14:10:06.238    <Info> Device Product Build: N/A
14:10:06.300  <Notice> Running non-interactively, automatically selecting latest available version
14:10:06.300  <Notice> Selected firmware 15.8.8 (build 19H422)
14:10:06.300    <Info> Downloading firmware (https://updates.cdn-apple.com/2025FallFCS/fullrestores/122-77525/29E86E57-1478-4ABD-BF2F-3CA41EF1CB7E/iPhone_5.5_P3_15.8.8_19H422_Restore.ipsw)
14:17:50.386    <Info> Verifying 'iPhone_5.5_P3_15.8.8_19H422_Restore.ipsw'...
14:19:45.544    <Info> Checksum matches.
14:19:45.545    <Info> Extracting BuildManifest from IPSW
14:19:45.561    <Info> IPSW Product Version: 15.8.8
14:19:45.561    <Info> IPSW Product Build: 19H422 Major: 19
14:19:45.561   <Error> Device is in an invalid state
14:19:45.561    <Info> Device supports Image4: false
14:19:45.561    <Info> Variant: Customer Upgrade Install (IPSW)
14:19:45.561    <Info> This restore will update the device without erasing user data.
14:19:45.561    <Info> Checking IPSW for required components...
14:19:45.565    <Info> All required components found in IPSW
14:19:45.565    <Info> Getting ApNonce failed
14:19:45.565   <Error> Device is in an invalid state
14:19:45.566  <Notice> Unable to get nonce from device
14:19:45.566    <Info> Trying to fetch new SHSH blob
14:19:45.566    <Info> Getting SepNonce failed
14:19:45.566   <Error> Device is in an invalid state
14:19:46.077    <Info> ERROR: Unable to send TSS request
14:19:46.078   <Error> Unable to get SHSH blobs for this device
